###############################################################################
#
# IAR ELF Linker V7.60.1.11101/W32 for ARM                20/Nov/2018  12:25:49
# Copyright 2007-2016 IAR Systems AB.
#
#    Output file  =  D:\work\ArmProjects\NeoST\Debug\Exe\NeoST.out
#    Map file     =  D:\work\ArmProjects\NeoST\Debug\List\NeoST.map
#    Command line =  
#        D:\work\ArmProjects\NeoST\Debug\Obj\DataTables.o
#        D:\work\ArmProjects\NeoST\Debug\Obj\main.o
#        D:\work\ArmProjects\NeoST\Debug\Obj\NeoLED.o
#        D:\work\ArmProjects\NeoST\Debug\Obj\startup_stm32f030x6.o
#        D:\work\ArmProjects\NeoST\Debug\Obj\stm32f0xx_it.o
#        D:\work\ArmProjects\NeoST\Debug\Obj\system_stm32f0xx.o -o
#        D:\work\ArmProjects\NeoST\Debug\Exe\NeoST.out --redirect
#        _Printf=_PrintfFull --redirect _Scanf=_ScanfFull --map
#        D:\work\ArmProjects\NeoST\Debug\List\NeoST.map --config
#        D:\work\ArmProjects\NeoST\NeoST.icf --semihosting --entry
#        __iar_program_start --vfe
#
###############################################################################

*******************************************************************************
*** RUNTIME MODEL ATTRIBUTES
***

CppFlavor       = *
__SystemLibrary = DLib


*******************************************************************************
*** PLACEMENT SUMMARY
***

"A1":  place at 0x08000000 { ro section .intvec };
"P1":  place in [from 0x08000000 to 0x08003fff] { ro };
"P2":  place in [from 0x20000000 to 0x20000fff] { rw, block CSTACK, block HEAP };

  Section          Kind        Address   Size  Object
  -------          ----        -------   ----  ------
"A1":                                    0xb0
  .intvec          ro code  0x08000000   0xb0  startup_stm32f030x6.o [1]
                          - 0x080000b0   0xb0

"P1":                                   0xa0a
  .text            ro code  0x080000b0  0x4f4  NeoLED.o [1]
  .text            ro code  0x080005a4   0xe0  I32DivModFast.o [4]
  .text            ro code  0x08000684    0x2  IntDivZer.o [4]
  .text            ro code  0x08000686    0x2  startup_stm32f030x6.o [1]
  .text            ro code  0x08000688  0x28c  main.o [1]
  .text            ro code  0x08000914   0x94  system_stm32f0xx.o [1]
  .text            ro code  0x080009a8   0x3c  zero_init3.o [4]
  .text            ro code  0x080009e4   0x28  data_init.o [4]
  .iar.init_table  const    0x08000a0c   0x10  - Linker created -
  .text            ro code  0x08000a1c   0x1a  cmain.o [4]
  .text            ro code  0x08000a36    0x4  low_level_init.o [3]
  .text            ro code  0x08000a3a    0x8  exit.o [3]
  .text            ro code  0x08000a42    0x2  startup_stm32f030x6.o [1]
  .text            ro code  0x08000a44    0xa  cexit.o [4]
  .text            ro code  0x08000a4e    0x2  startup_stm32f030x6.o [1]
  .text            ro code  0x08000a50   0x14  exit.o [5]
  .rodata          const    0x08000a64   0x10  DataTables.o [1]
  .text            ro code  0x08000a74   0x10  startup_stm32f030x6.o [1]
  .text            ro code  0x08000a84    0xc  stm32f0xx_it.o [1]
  .text            ro code  0x08000a90    0xc  cstartup_M.o [4]
  .text            ro code  0x08000a9c    0x2  startup_stm32f030x6.o [1]
  .text            ro code  0x08000a9e    0x2  startup_stm32f030x6.o [1]
  .text            ro code  0x08000aa0    0x2  startup_stm32f030x6.o [1]
  .text            ro code  0x08000aa2    0x2  startup_stm32f030x6.o [1]
  .text            ro code  0x08000aa4    0x2  startup_stm32f030x6.o [1]
  .text            ro code  0x08000aa6    0x2  startup_stm32f030x6.o [1]
  .text            ro code  0x08000aa8    0x2  startup_stm32f030x6.o [1]
  .text            ro code  0x08000aaa    0x2  startup_stm32f030x6.o [1]
  .text            ro code  0x08000aac    0x2  startup_stm32f030x6.o [1]
  .text            ro code  0x08000aae    0x2  startup_stm32f030x6.o [1]
  .text            ro code  0x08000ab0    0x2  startup_stm32f030x6.o [1]
  .text            ro code  0x08000ab2    0x2  startup_stm32f030x6.o [1]
  .text            ro code  0x08000ab4    0x2  startup_stm32f030x6.o [1]
  .text            ro code  0x08000ab6    0x2  startup_stm32f030x6.o [1]
  .text            ro code  0x08000ab8    0x2  startup_stm32f030x6.o [1]
  .rodata          const    0x08000aba    0x0  zero_init3.o [4]
                          - 0x08000aba  0xa0a

"P2", part 1 of 2:                      0xf10
  .bss             zero     0x20000000  0xf04  NeoLED.o [1]
  .bss             zero     0x20000f04    0x4  main.o [1]
  .bss             zero     0x20000f08    0x4  NeoLED.o [1]
  .bss             zero     0x20000f0c    0x1  main.o [1]
  .bss             zero     0x20000f0d    0x1  NeoLED.o [1]
  .bss             zero     0x20000f0e    0x1  NeoLED.o [1]
                          - 0x20000f0f  0xf0f

"P2", part 2 of 2:                       0xe0
  CSTACK                    0x20000f10   0xe0  <Block>
    CSTACK         uninit   0x20000f10   0xe0  <Block tail>
                          - 0x20000ff0   0xe0


*******************************************************************************
*** INIT TABLE
***

          Address     Size
          -------     ----
Zero (__iar_zero_init3)
    1 destination range, total size 0xf0f:
          0x20000000  0xf0f



*******************************************************************************
*** MODULE SUMMARY
***

    Module                 ro code  ro data  rw data
    ------                 -------  -------  -------
D:\work\ArmProjects\NeoST\Debug\Obj: [1]
    DataTables.o                         16
    NeoLED.o                 1 268             3 850
    main.o                     652                 5
    startup_stm32f030x6.o      228
    stm32f0xx_it.o              12
    system_stm32f0xx.o         148
    ------------------------------------------------
    Total:                   2 308       16    3 855

command line: [2]
    ------------------------------------------------
    Total:

dl6M_tln.a: [3]
    exit.o                       8
    low_level_init.o             4
    ------------------------------------------------
    Total:                      12

rt6M_tl.a: [4]
    I32DivModFast.o            224
    IntDivZer.o                  2
    cexit.o                     10
    cmain.o                     26
    cstartup_M.o                12
    data_init.o                 40
    zero_init3.o                60
    ------------------------------------------------
    Total:                     374

shb_l.a: [5]
    exit.o                      20
    ------------------------------------------------
    Total:                      20

    Linker created                       16      224
----------------------------------------------------
    Grand Total:             2 714       32    4 079


*******************************************************************************
*** ENTRY LIST
***

Entry                      Address   Size  Type      Object
-----                      -------   ----  ----      ------
.iar.init_table$$Base   0x08000a0c          --   Gb  - Linker created -
.iar.init_table$$Limit  0x08000a1c          --   Gb  - Linker created -
?main                   0x08000a1d         Code  Gb  cmain.o [4]
CSTACK$$Base            0x20000f10          --   Gb  - Linker created -
CSTACK$$Limit           0x20000ff0          --   Gb  - Linker created -
DMA1_Channel1_IRQHandler
                        0x08000431   0x3a  Code  Gb  NeoLED.o [1]
DataBuffer              0x20000000  0xf04  Data  Lc  NeoLED.o [1]
DataProcessing          0x20000f04    0x4  Data  Lc  main.o [1]
HardFault_Handler       0x08000a87    0x4  Code  Gb  stm32f0xx_it.o [1]
LEDDataSize             0x20000f0e    0x1  Data  Lc  NeoLED.o [1]
LEDReset                0x08000819    0x8  Code  Gb  main.o [1]
LEDsCountMax            0x20000f0d    0x1  Data  Lc  NeoLED.o [1]
Module_Init             0x080006b3  0x166  Code  Gb  main.o [1]
NMI_Handler             0x08000a85    0x2  Code  Gb  stm32f0xx_it.o [1]
NVIC_EnableIRQ          0x080000b1    0xe  Code  Lc  NeoLED.o [1]
NVIC_SetPriority        0x080000bf   0x84  Code  Lc  NeoLED.o [1]
NeoGetData              0x08000491   0x88  Code  Gb  NeoLED.o [1]
NeoInit                 0x08000143  0x16c  Code  Gb  NeoLED.o [1]
NeoResume               0x08000545   0x30  Code  Gb  NeoLED.o [1]
NeoStart                0x08000521    0xe  Code  Gb  NeoLED.o [1]
OUTPUTS                 0x08000a64   0x10  Data  Gb  DataTables.o [1]
PendSV_Handler          0x08000a8d    0x2  Code  Gb  stm32f0xx_it.o [1]
Region$$Table$$Base     0x08000a0c          --   Gb  - Linker created -
Region$$Table$$Limit    0x08000a1c          --   Gb  - Linker created -
ResetAction             0x20000f08    0x4  Data  Lc  NeoLED.o [1]
SVC_Handler             0x08000a8b    0x2  Code  Gb  stm32f0xx_it.o [1]
SetOUTs                 0x08000835   0x4a  Code  Gb  main.o [1]
SetPWMs                 0x08000821   0x14  Code  Gb  main.o [1]
State                   0x20000f0c    0x1  Data  Gb  main.o [1]
SysTick_Handler         0x08000a8f    0x2  Code  Gb  stm32f0xx_it.o [1]
SystemInit              0x08000915   0x68  Code  Gb  system_stm32f0xx.o [1]
TIM3_IRQHandler         0x080002d9  0x132  Code  Gb  NeoLED.o [1]
__ICFEDIT_region_RAM_end__ {Abs}
                        0x20000fff          --   Gb  command line/config [2]
__ICFEDIT_region_RAM_start__ {Abs}
                        0x20000000          --   Gb  command line/config [2]
__aeabi_idiv            0x080005d1         Code  Gb  I32DivModFast.o [4]
__aeabi_idiv0           0x08000685         Code  Gb  IntDivZer.o [4]
__aeabi_idivmod         0x080005d1         Code  Gb  I32DivModFast.o [4]
__aeabi_uidiv           0x080005d7         Code  Gb  I32DivModFast.o [4]
__aeabi_uidivmod        0x080005d7         Code  Gb  I32DivModFast.o [4]
__cmain                 0x08000a1d         Code  Gb  cmain.o [4]
__exit                  0x08000a51   0x14  Code  Gb  exit.o [5]
__iar_data_init3        0x080009e5   0x28  Code  Gb  data_init.o [4]
__iar_program_start     0x08000a91         Code  Gb  cstartup_M.o [4]
__iar_zero_init3        0x080009a9   0x3c  Code  Gb  zero_init3.o [4]
__low_level_init        0x08000a37    0x4  Code  Gb  low_level_init.o [3]
__vector_table          0x08000000         Data  Gb  startup_stm32f030x6.o [1]
_call_main              0x08000a29         Code  Gb  cmain.o [4]
_exit                   0x08000a45         Code  Gb  cexit.o [4]
_main                   0x08000a33         Code  Gb  cmain.o [4]
exit                    0x08000a3b    0x8  Code  Gb  exit.o [3]
main                    0x08000689   0x2a  Code  Gb  main.o [1]


[1] = D:\work\ArmProjects\NeoST\Debug\Obj
[2] = command line
[3] = dl6M_tln.a
[4] = rt6M_tl.a
[5] = shb_l.a

  2 714 bytes of readonly  code memory
     32 bytes of readonly  data memory
  4 079 bytes of readwrite data memory

Errors: none
Warnings: none
